2025-10-21 21:34:30 [[34mdebug[39m] 🪵 Winston logger initialized (development mode)
2025-10-21 21:34:30 [[32minfo[39m] ✅ FinanSaku backend starting...
2025-10-21 21:34:32 [[34mdebug[39m] 🪵 Winston logger initialized (development mode)
2025-10-21 21:34:32 [[32minfo[39m] ✅ FinanSaku backend starting...
2025-10-21 21:34:33 [[34mdebug[39m] 🪵 Winston logger initialized (development mode)
2025-10-21 21:34:33 [[32minfo[39m] ✅ FinanSaku backend starting...
2025-10-21 21:34:34 [[34mdebug[39m] 🪵 Winston logger initialized (development mode)
2025-10-21 21:34:34 [[32minfo[39m] ✅ FinanSaku backend starting...
2025-10-21 21:34:36 [[34mdebug[39m] 🪵 Winston logger initialized (development mode)
2025-10-21 21:34:36 [[32minfo[39m] ✅ FinanSaku backend starting...
2025-10-21 21:34:38 [[34mdebug[39m] 🪵 Winston logger initialized (development mode)
2025-10-21 21:34:38 [[32minfo[39m] ✅ FinanSaku backend starting...
2025-10-21 21:36:29 [[34mdebug[39m] 🪵 Winston logger initialized (development mode)
2025-10-21 21:36:29 [[32minfo[39m] ✅ FinanSaku backend starting...
2025-10-21 21:36:45 [[34mdebug[39m] 🪵 Winston logger initialized (development mode)
2025-10-21 21:36:45 [[32minfo[39m] ✅ FinanSaku backend starting...
2025-10-21 21:36:47 [[34mdebug[39m] 🪵 Winston logger initialized (development mode)
2025-10-21 21:36:47 [[32minfo[39m] ✅ FinanSaku backend starting...
2025-10-21 21:41:25 [[34mdebug[39m] 🪵 Winston logger initialized (development mode)
2025-10-21 21:41:25 [[32minfo[39m] ✅ FinanSaku backend starting...
2025-10-21 21:41:25 [[32minfo[39m] ✅ FinanSaku backend running on port 8081
2025-10-21 21:41:26 [[34mdebug[39m] 🪵 Winston logger initialized (development mode)
2025-10-21 21:41:26 [[32minfo[39m] ✅ FinanSaku backend starting...
2025-10-21 21:42:01 [[34mdebug[39m] 🪵 Winston logger initialized (development mode)
2025-10-21 21:42:01 [[32minfo[39m] ✅ FinanSaku backend starting...
2025-10-21 21:42:01 [[32minfo[39m] ✅ FinanSaku backend running on port 8081
2025-10-21 21:42:03 [[34mdebug[39m] 🪵 Winston logger initialized (development mode)
2025-10-21 21:42:03 [[32minfo[39m] ✅ FinanSaku backend starting...
2025-10-21 21:42:13 [[34mdebug[39m] 🪵 Winston logger initialized (development mode)
2025-10-21 21:42:13 [[32minfo[39m] ✅ FinanSaku backend starting...
2025-10-21 21:42:13 [[32minfo[39m] ✅ FinanSaku backend running on port 8081
2025-10-21 21:42:14 [[34mdebug[39m] 🪵 Winston logger initialized (development mode)
2025-10-21 21:42:14 [[32minfo[39m] ✅ FinanSaku backend starting...
2025-10-21 21:42:44 [[34mdebug[39m] 🪵 Winston logger initialized (development mode)
2025-10-21 21:42:44 [[32minfo[39m] ✅ FinanSaku backend starting...
2025-10-21 21:42:56 [[34mdebug[39m] 🪵 Winston logger initialized (development mode)
2025-10-21 21:42:56 [[32minfo[39m] ✅ FinanSaku backend starting...
2025-10-21 21:42:56 [[32minfo[39m] ✅ FinanSaku backend running on port 8081
2025-10-21 21:42:57 [[34mdebug[39m] 🪵 Winston logger initialized (development mode)
2025-10-21 21:42:57 [[32minfo[39m] ✅ FinanSaku backend starting...
2025-10-21 21:45:20 [[34mdebug[39m] 🪵 Winston logger initialized (development mode)
2025-10-21 21:45:20 [[32minfo[39m] ✅ FinanSaku backend starting...
2025-10-21 21:45:20 [[32minfo[39m] ✅ FinanSaku backend running on port 8081
2025-10-21 21:45:21 [[34mdebug[39m] 🪵 Winston logger initialized (development mode)
2025-10-21 21:45:21 [[32minfo[39m] ✅ FinanSaku backend starting...
2025-10-21 21:45:22 [[31merror[39m] PrismaClientKnownRequestError: 
Invalid `prisma.user.create()` invocation in
Z:\_pinned\obsidian\vaults\suaka\uni\c3\projects\finansaku-be\src\services\auth.service.js:17:34

  14 const hashedPassword = await bcrypt.hash(password, 10)
  15 
  16 // Create the user record
→ 17 const user = await prisma.user.create(
Inconsistent column data: Error creating UUID, invalid character: expected an optional prefix of `urn:uuid:` followed by [0-9a-fA-F-], found `u` at 1
    at ei.handleRequestError (Z:\_pinned\obsidian\vaults\suaka\uni\c3\projects\finansaku-be\node_modules\@prisma\client\src\runtime\RequestHandler.ts:228:13)
    at ei.handleAndLogRequestError (Z:\_pinned\obsidian\vaults\suaka\uni\c3\projects\finansaku-be\node_modules\@prisma\client\src\runtime\RequestHandler.ts:174:12)
    at ei.request (Z:\_pinned\obsidian\vaults\suaka\uni\c3\projects\finansaku-be\node_modules\@prisma\client\src\runtime\RequestHandler.ts:143:12)
    at a (Z:\_pinned\obsidian\vaults\suaka\uni\c3\projects\finansaku-be\node_modules\@prisma\client\src\runtime\getPrismaClient.ts:833:24)
    at Module.registerUser (Z:\_pinned\obsidian\vaults\suaka\uni\c3\projects\finansaku-be\src\services\auth.service.js:17:16)
    at register (Z:\_pinned\obsidian\vaults\suaka\uni\c3\projects\finansaku-be\src\controllers\auth.controller.js:18:20)
2025-10-21 21:46:49 [[34mdebug[39m] 🪵 Winston logger initialized (development mode)
2025-10-21 21:46:49 [[32minfo[39m] ✅ FinanSaku backend starting...
2025-10-21 21:46:50 [[32minfo[39m] ✅ FinanSaku backend running on port 8081
2025-10-21 21:46:50 [[34mdebug[39m] 🪵 Winston logger initialized (development mode)
2025-10-21 21:46:50 [[32minfo[39m] ✅ FinanSaku backend starting...
2025-10-21 21:46:51 [[31merror[39m] PrismaClientKnownRequestError: 
Invalid `prisma.user.create()` invocation in
Z:\_pinned\obsidian\vaults\suaka\uni\c3\projects\finansaku-be\src\services\auth.service.js:17:34

  14 const hashedPassword = await bcrypt.hash(password, 10)
  15 
  16 // Create the user record
→ 17 const user = await prisma.user.create(
Inconsistent column data: Error creating UUID, invalid character: expected an optional prefix of `urn:uuid:` followed by [0-9a-fA-F-], found `u` at 1
    at ei.handleRequestError (Z:\_pinned\obsidian\vaults\suaka\uni\c3\projects\finansaku-be\node_modules\@prisma\client\src\runtime\RequestHandler.ts:228:13)
    at ei.handleAndLogRequestError (Z:\_pinned\obsidian\vaults\suaka\uni\c3\projects\finansaku-be\node_modules\@prisma\client\src\runtime\RequestHandler.ts:174:12)
    at ei.request (Z:\_pinned\obsidian\vaults\suaka\uni\c3\projects\finansaku-be\node_modules\@prisma\client\src\runtime\RequestHandler.ts:143:12)
    at a (Z:\_pinned\obsidian\vaults\suaka\uni\c3\projects\finansaku-be\node_modules\@prisma\client\src\runtime\getPrismaClient.ts:833:24)
    at Module.registerUser (Z:\_pinned\obsidian\vaults\suaka\uni\c3\projects\finansaku-be\src\services\auth.service.js:17:16)
    at register (Z:\_pinned\obsidian\vaults\suaka\uni\c3\projects\finansaku-be\src\controllers\auth.controller.js:18:20)
2025-10-21 21:51:42 [[34mdebug[39m] 🪵 Winston logger initialized (development mode)
2025-10-21 21:51:42 [[32minfo[39m] ✅ FinanSaku backend starting...
2025-10-21 21:51:42 [[32minfo[39m] ✅ FinanSaku backend running on port 8081
2025-10-21 21:51:43 [[34mdebug[39m] 🪵 Winston logger initialized (development mode)
2025-10-21 21:51:43 [[32minfo[39m] ✅ FinanSaku backend starting...
2025-10-21 21:51:45 [[31merror[39m] PrismaClientKnownRequestError: 
Invalid `prisma.user.create()` invocation in
Z:\_pinned\obsidian\vaults\suaka\uni\c3\projects\finansaku-be\src\services\auth.service.js:17:34

  14 const hashedPassword = await bcrypt.hash(password, 10)
  15 
  16 // Create the user record
→ 17 const user = await prisma.user.create(
Inconsistent column data: Error creating UUID, invalid character: expected an optional prefix of `urn:uuid:` followed by [0-9a-fA-F-], found `u` at 1
    at ei.handleRequestError (Z:\_pinned\obsidian\vaults\suaka\uni\c3\projects\finansaku-be\node_modules\@prisma\client\src\runtime\RequestHandler.ts:228:13)
    at ei.handleAndLogRequestError (Z:\_pinned\obsidian\vaults\suaka\uni\c3\projects\finansaku-be\node_modules\@prisma\client\src\runtime\RequestHandler.ts:174:12)
    at ei.request (Z:\_pinned\obsidian\vaults\suaka\uni\c3\projects\finansaku-be\node_modules\@prisma\client\src\runtime\RequestHandler.ts:143:12)
    at a (Z:\_pinned\obsidian\vaults\suaka\uni\c3\projects\finansaku-be\node_modules\@prisma\client\src\runtime\getPrismaClient.ts:833:24)
    at Module.registerUser (Z:\_pinned\obsidian\vaults\suaka\uni\c3\projects\finansaku-be\src\services\auth.service.js:17:16)
    at register (Z:\_pinned\obsidian\vaults\suaka\uni\c3\projects\finansaku-be\src\controllers\auth.controller.js:18:20)
2025-10-21 21:51:47 [[34mdebug[39m] 🪵 Winston logger initialized (development mode)
2025-10-21 21:51:47 [[32minfo[39m] ✅ FinanSaku backend starting...
2025-10-21 21:51:47 [[32minfo[39m] ✅ FinanSaku backend running on port 8081
2025-10-21 22:10:46 [[34mdebug[39m] 🪵 Winston logger initialized (development mode)
2025-10-21 22:10:46 [[32minfo[39m] ✅ FinanSaku backend starting...
2025-10-21 22:10:46 [[32minfo[39m] ✅ FinanSaku backend running on port 8081
2025-10-21 22:10:47 [[34mdebug[39m] 🪵 Winston logger initialized (development mode)
2025-10-21 22:10:47 [[32minfo[39m] ✅ FinanSaku backend starting...
2025-10-21 22:10:47 [[32minfo[39m] [REQUEST] POST /api/v1/auth/register
2025-10-21 22:10:49 [[31merror[39m] PrismaClientKnownRequestError: 
Invalid `prisma.user.create()` invocation in
Z:\_pinned\obsidian\vaults\suaka\uni\c3\projects\finansaku-be\src\services\auth.service.js:17:34

  14 const hashedPassword = await bcrypt.hash(password, 10)
  15 
  16 // Create the user record
→ 17 const user = await prisma.user.create(
Inconsistent column data: Error creating UUID, invalid character: expected an optional prefix of `urn:uuid:` followed by [0-9a-fA-F-], found `u` at 1
    at ei.handleRequestError (Z:\_pinned\obsidian\vaults\suaka\uni\c3\projects\finansaku-be\node_modules\@prisma\client\src\runtime\RequestHandler.ts:228:13)
    at ei.handleAndLogRequestError (Z:\_pinned\obsidian\vaults\suaka\uni\c3\projects\finansaku-be\node_modules\@prisma\client\src\runtime\RequestHandler.ts:174:12)
    at ei.request (Z:\_pinned\obsidian\vaults\suaka\uni\c3\projects\finansaku-be\node_modules\@prisma\client\src\runtime\RequestHandler.ts:143:12)
    at a (Z:\_pinned\obsidian\vaults\suaka\uni\c3\projects\finansaku-be\node_modules\@prisma\client\src\runtime\getPrismaClient.ts:833:24)
    at Module.registerUser (Z:\_pinned\obsidian\vaults\suaka\uni\c3\projects\finansaku-be\src\services\auth.service.js:17:16)
    at register (Z:\_pinned\obsidian\vaults\suaka\uni\c3\projects\finansaku-be\src\controllers\auth.controller.js:20:20)
2025-10-21 22:11:15 [[34mdebug[39m] 🪵 Winston logger initialized (development mode)
2025-10-21 22:11:15 [[32minfo[39m] ✅ FinanSaku backend starting...
2025-10-21 22:11:15 [[32minfo[39m] ✅ FinanSaku backend running on port 8081
2025-10-21 22:11:16 [[34mdebug[39m] 🪵 Winston logger initialized (development mode)
2025-10-21 22:11:16 [[32minfo[39m] ✅ FinanSaku backend starting...
2025-10-21 22:11:16 [[32minfo[39m] [REQUEST] POST /api/v1/auth/register
2025-10-21 22:11:17 [[31merror[39m] PrismaClientKnownRequestError: 
Invalid `prisma.user.create()` invocation in
Z:\_pinned\obsidian\vaults\suaka\uni\c3\projects\finansaku-be\src\services\auth.service.js:17:34

  14 const hashedPassword = await bcrypt.hash(password, 10)
  15 
  16 // Create the user record
→ 17 const user = await prisma.user.create(
Inconsistent column data: Error creating UUID, invalid character: expected an optional prefix of `urn:uuid:` followed by [0-9a-fA-F-], found `u` at 1
    at ei.handleRequestError (Z:\_pinned\obsidian\vaults\suaka\uni\c3\projects\finansaku-be\node_modules\@prisma\client\src\runtime\RequestHandler.ts:228:13)
    at ei.handleAndLogRequestError (Z:\_pinned\obsidian\vaults\suaka\uni\c3\projects\finansaku-be\node_modules\@prisma\client\src\runtime\RequestHandler.ts:174:12)
    at ei.request (Z:\_pinned\obsidian\vaults\suaka\uni\c3\projects\finansaku-be\node_modules\@prisma\client\src\runtime\RequestHandler.ts:143:12)
    at a (Z:\_pinned\obsidian\vaults\suaka\uni\c3\projects\finansaku-be\node_modules\@prisma\client\src\runtime\getPrismaClient.ts:833:24)
    at Module.registerUser (Z:\_pinned\obsidian\vaults\suaka\uni\c3\projects\finansaku-be\src\services\auth.service.js:17:16)
    at register (Z:\_pinned\obsidian\vaults\suaka\uni\c3\projects\finansaku-be\src\controllers\auth.controller.js:20:20)
2025-10-21 22:11:20 [[34mdebug[39m] 🪵 Winston logger initialized (development mode)
2025-10-21 22:11:20 [[32minfo[39m] ✅ FinanSaku backend starting...
2025-10-21 22:11:20 [[32minfo[39m] ✅ FinanSaku backend running on port 8081
2025-10-21 22:11:21 [[34mdebug[39m] 🪵 Winston logger initialized (development mode)
2025-10-21 22:11:21 [[32minfo[39m] ✅ FinanSaku backend starting...
2025-10-21 22:11:21 [[32minfo[39m] [REQUEST] POST /api/v1/auth/register
2025-10-21 22:11:21 [[32minfo[39m] [REQUEST] POST /api/v1/auth/register
2025-10-21 22:11:22 [[31merror[39m] PrismaClientKnownRequestError: 
Invalid `prisma.user.create()` invocation in
Z:\_pinned\obsidian\vaults\suaka\uni\c3\projects\finansaku-be\src\services\auth.service.js:17:34

  14 const hashedPassword = await bcrypt.hash(password, 10)
  15 
  16 // Create the user record
→ 17 const user = await prisma.user.create(
Inconsistent column data: Error creating UUID, invalid character: expected an optional prefix of `urn:uuid:` followed by [0-9a-fA-F-], found `u` at 1
    at ei.handleRequestError (Z:\_pinned\obsidian\vaults\suaka\uni\c3\projects\finansaku-be\node_modules\@prisma\client\src\runtime\RequestHandler.ts:228:13)
    at ei.handleAndLogRequestError (Z:\_pinned\obsidian\vaults\suaka\uni\c3\projects\finansaku-be\node_modules\@prisma\client\src\runtime\RequestHandler.ts:174:12)
    at ei.request (Z:\_pinned\obsidian\vaults\suaka\uni\c3\projects\finansaku-be\node_modules\@prisma\client\src\runtime\RequestHandler.ts:143:12)
    at a (Z:\_pinned\obsidian\vaults\suaka\uni\c3\projects\finansaku-be\node_modules\@prisma\client\src\runtime\getPrismaClient.ts:833:24)
    at Module.registerUser (Z:\_pinned\obsidian\vaults\suaka\uni\c3\projects\finansaku-be\src\services\auth.service.js:17:16)
    at register (Z:\_pinned\obsidian\vaults\suaka\uni\c3\projects\finansaku-be\src\controllers\auth.controller.js:20:20)
2025-10-21 22:12:35 [[34mdebug[39m] 🪵 Winston logger initialized (development mode)
2025-10-21 22:12:35 [[32minfo[39m] ✅ FinanSaku backend starting...
2025-10-21 22:12:35 [[32minfo[39m] ✅ FinanSaku backend running on port 8081
2025-10-21 22:12:36 [[34mdebug[39m] 🪵 Winston logger initialized (development mode)
2025-10-21 22:12:36 [[32minfo[39m] ✅ FinanSaku backend starting...
2025-10-21 22:12:36 [[32minfo[39m] [REQUEST] POST /api/v1/auth/register
2025-10-21 22:12:36 [[31merror[39m] PrismaClientKnownRequestError: 
Invalid `prisma.user.create()` invocation in
Z:\_pinned\obsidian\vaults\suaka\uni\c3\projects\finansaku-be\src\services\auth.service.js:17:34

  14 const hashedPassword = await bcrypt.hash(password, 10)
  15 
  16 // Create the user record
→ 17 const user = await prisma.user.create(
Inconsistent column data: Error creating UUID, invalid character: expected an optional prefix of `urn:uuid:` followed by [0-9a-fA-F-], found `u` at 1
    at ei.handleRequestError (Z:\_pinned\obsidian\vaults\suaka\uni\c3\projects\finansaku-be\node_modules\@prisma\client\src\runtime\RequestHandler.ts:228:13)
    at ei.handleAndLogRequestError (Z:\_pinned\obsidian\vaults\suaka\uni\c3\projects\finansaku-be\node_modules\@prisma\client\src\runtime\RequestHandler.ts:174:12)
    at ei.request (Z:\_pinned\obsidian\vaults\suaka\uni\c3\projects\finansaku-be\node_modules\@prisma\client\src\runtime\RequestHandler.ts:143:12)
    at a (Z:\_pinned\obsidian\vaults\suaka\uni\c3\projects\finansaku-be\node_modules\@prisma\client\src\runtime\getPrismaClient.ts:833:24)
    at Module.registerUser (Z:\_pinned\obsidian\vaults\suaka\uni\c3\projects\finansaku-be\src\services\auth.service.js:17:16)
    at register (Z:\_pinned\obsidian\vaults\suaka\uni\c3\projects\finansaku-be\src\controllers\auth.controller.js:20:20)
2025-10-21 22:18:43 [[34mdebug[39m] 🪵 Winston logger initialized (development mode)
2025-10-21 22:18:43 [[32minfo[39m] ✅ FinanSaku backend starting...
2025-10-21 22:18:43 [[32minfo[39m] [REQUEST] POST /api/v1/auth/register
2025-10-21 22:18:45 [[31merror[39m] PrismaClientKnownRequestError: 
Invalid `prisma.user.create()` invocation in
Z:\_pinned\obsidian\vaults\suaka\uni\c3\projects\finansaku-be\src\services\auth.service.js:17:34

  14 const hashedPassword = await bcrypt.hash(password, 10)
  15 
  16 // Create the user record
→ 17 const user = await prisma.user.create(
Inconsistent column data: Error creating UUID, invalid character: expected an optional prefix of `urn:uuid:` followed by [0-9a-fA-F-], found `u` at 1
    at ei.handleRequestError (Z:\_pinned\obsidian\vaults\suaka\uni\c3\projects\finansaku-be\node_modules\@prisma\client\src\runtime\RequestHandler.ts:228:13)
    at ei.handleAndLogRequestError (Z:\_pinned\obsidian\vaults\suaka\uni\c3\projects\finansaku-be\node_modules\@prisma\client\src\runtime\RequestHandler.ts:174:12)
    at ei.request (Z:\_pinned\obsidian\vaults\suaka\uni\c3\projects\finansaku-be\node_modules\@prisma\client\src\runtime\RequestHandler.ts:143:12)
    at a (Z:\_pinned\obsidian\vaults\suaka\uni\c3\projects\finansaku-be\node_modules\@prisma\client\src\runtime\getPrismaClient.ts:833:24)
    at Module.registerUser (Z:\_pinned\obsidian\vaults\suaka\uni\c3\projects\finansaku-be\src\services\auth.service.js:17:16)
    at register (Z:\_pinned\obsidian\vaults\suaka\uni\c3\projects\finansaku-be\src\controllers\auth.controller.js:20:20)
