2025-10-21 21:45:22 [[31merror[39m] PrismaClientKnownRequestError: 
Invalid `prisma.user.create()` invocation in
Z:\_pinned\obsidian\vaults\suaka\uni\c3\projects\finansaku-be\src\services\auth.service.js:17:34

  14 const hashedPassword = await bcrypt.hash(password, 10)
  15 
  16 // Create the user record
→ 17 const user = await prisma.user.create(
Inconsistent column data: Error creating UUID, invalid character: expected an optional prefix of `urn:uuid:` followed by [0-9a-fA-F-], found `u` at 1
    at ei.handleRequestError (Z:\_pinned\obsidian\vaults\suaka\uni\c3\projects\finansaku-be\node_modules\@prisma\client\src\runtime\RequestHandler.ts:228:13)
    at ei.handleAndLogRequestError (Z:\_pinned\obsidian\vaults\suaka\uni\c3\projects\finansaku-be\node_modules\@prisma\client\src\runtime\RequestHandler.ts:174:12)
    at ei.request (Z:\_pinned\obsidian\vaults\suaka\uni\c3\projects\finansaku-be\node_modules\@prisma\client\src\runtime\RequestHandler.ts:143:12)
    at a (Z:\_pinned\obsidian\vaults\suaka\uni\c3\projects\finansaku-be\node_modules\@prisma\client\src\runtime\getPrismaClient.ts:833:24)
    at Module.registerUser (Z:\_pinned\obsidian\vaults\suaka\uni\c3\projects\finansaku-be\src\services\auth.service.js:17:16)
    at register (Z:\_pinned\obsidian\vaults\suaka\uni\c3\projects\finansaku-be\src\controllers\auth.controller.js:18:20)
2025-10-21 21:46:51 [[31merror[39m] PrismaClientKnownRequestError: 
Invalid `prisma.user.create()` invocation in
Z:\_pinned\obsidian\vaults\suaka\uni\c3\projects\finansaku-be\src\services\auth.service.js:17:34

  14 const hashedPassword = await bcrypt.hash(password, 10)
  15 
  16 // Create the user record
→ 17 const user = await prisma.user.create(
Inconsistent column data: Error creating UUID, invalid character: expected an optional prefix of `urn:uuid:` followed by [0-9a-fA-F-], found `u` at 1
    at ei.handleRequestError (Z:\_pinned\obsidian\vaults\suaka\uni\c3\projects\finansaku-be\node_modules\@prisma\client\src\runtime\RequestHandler.ts:228:13)
    at ei.handleAndLogRequestError (Z:\_pinned\obsidian\vaults\suaka\uni\c3\projects\finansaku-be\node_modules\@prisma\client\src\runtime\RequestHandler.ts:174:12)
    at ei.request (Z:\_pinned\obsidian\vaults\suaka\uni\c3\projects\finansaku-be\node_modules\@prisma\client\src\runtime\RequestHandler.ts:143:12)
    at a (Z:\_pinned\obsidian\vaults\suaka\uni\c3\projects\finansaku-be\node_modules\@prisma\client\src\runtime\getPrismaClient.ts:833:24)
    at Module.registerUser (Z:\_pinned\obsidian\vaults\suaka\uni\c3\projects\finansaku-be\src\services\auth.service.js:17:16)
    at register (Z:\_pinned\obsidian\vaults\suaka\uni\c3\projects\finansaku-be\src\controllers\auth.controller.js:18:20)
2025-10-21 21:51:45 [[31merror[39m] PrismaClientKnownRequestError: 
Invalid `prisma.user.create()` invocation in
Z:\_pinned\obsidian\vaults\suaka\uni\c3\projects\finansaku-be\src\services\auth.service.js:17:34

  14 const hashedPassword = await bcrypt.hash(password, 10)
  15 
  16 // Create the user record
→ 17 const user = await prisma.user.create(
Inconsistent column data: Error creating UUID, invalid character: expected an optional prefix of `urn:uuid:` followed by [0-9a-fA-F-], found `u` at 1
    at ei.handleRequestError (Z:\_pinned\obsidian\vaults\suaka\uni\c3\projects\finansaku-be\node_modules\@prisma\client\src\runtime\RequestHandler.ts:228:13)
    at ei.handleAndLogRequestError (Z:\_pinned\obsidian\vaults\suaka\uni\c3\projects\finansaku-be\node_modules\@prisma\client\src\runtime\RequestHandler.ts:174:12)
    at ei.request (Z:\_pinned\obsidian\vaults\suaka\uni\c3\projects\finansaku-be\node_modules\@prisma\client\src\runtime\RequestHandler.ts:143:12)
    at a (Z:\_pinned\obsidian\vaults\suaka\uni\c3\projects\finansaku-be\node_modules\@prisma\client\src\runtime\getPrismaClient.ts:833:24)
    at Module.registerUser (Z:\_pinned\obsidian\vaults\suaka\uni\c3\projects\finansaku-be\src\services\auth.service.js:17:16)
    at register (Z:\_pinned\obsidian\vaults\suaka\uni\c3\projects\finansaku-be\src\controllers\auth.controller.js:18:20)
2025-10-21 22:10:49 [[31merror[39m] PrismaClientKnownRequestError: 
Invalid `prisma.user.create()` invocation in
Z:\_pinned\obsidian\vaults\suaka\uni\c3\projects\finansaku-be\src\services\auth.service.js:17:34

  14 const hashedPassword = await bcrypt.hash(password, 10)
  15 
  16 // Create the user record
→ 17 const user = await prisma.user.create(
Inconsistent column data: Error creating UUID, invalid character: expected an optional prefix of `urn:uuid:` followed by [0-9a-fA-F-], found `u` at 1
    at ei.handleRequestError (Z:\_pinned\obsidian\vaults\suaka\uni\c3\projects\finansaku-be\node_modules\@prisma\client\src\runtime\RequestHandler.ts:228:13)
    at ei.handleAndLogRequestError (Z:\_pinned\obsidian\vaults\suaka\uni\c3\projects\finansaku-be\node_modules\@prisma\client\src\runtime\RequestHandler.ts:174:12)
    at ei.request (Z:\_pinned\obsidian\vaults\suaka\uni\c3\projects\finansaku-be\node_modules\@prisma\client\src\runtime\RequestHandler.ts:143:12)
    at a (Z:\_pinned\obsidian\vaults\suaka\uni\c3\projects\finansaku-be\node_modules\@prisma\client\src\runtime\getPrismaClient.ts:833:24)
    at Module.registerUser (Z:\_pinned\obsidian\vaults\suaka\uni\c3\projects\finansaku-be\src\services\auth.service.js:17:16)
    at register (Z:\_pinned\obsidian\vaults\suaka\uni\c3\projects\finansaku-be\src\controllers\auth.controller.js:20:20)
2025-10-21 22:11:17 [[31merror[39m] PrismaClientKnownRequestError: 
Invalid `prisma.user.create()` invocation in
Z:\_pinned\obsidian\vaults\suaka\uni\c3\projects\finansaku-be\src\services\auth.service.js:17:34

  14 const hashedPassword = await bcrypt.hash(password, 10)
  15 
  16 // Create the user record
→ 17 const user = await prisma.user.create(
Inconsistent column data: Error creating UUID, invalid character: expected an optional prefix of `urn:uuid:` followed by [0-9a-fA-F-], found `u` at 1
    at ei.handleRequestError (Z:\_pinned\obsidian\vaults\suaka\uni\c3\projects\finansaku-be\node_modules\@prisma\client\src\runtime\RequestHandler.ts:228:13)
    at ei.handleAndLogRequestError (Z:\_pinned\obsidian\vaults\suaka\uni\c3\projects\finansaku-be\node_modules\@prisma\client\src\runtime\RequestHandler.ts:174:12)
    at ei.request (Z:\_pinned\obsidian\vaults\suaka\uni\c3\projects\finansaku-be\node_modules\@prisma\client\src\runtime\RequestHandler.ts:143:12)
    at a (Z:\_pinned\obsidian\vaults\suaka\uni\c3\projects\finansaku-be\node_modules\@prisma\client\src\runtime\getPrismaClient.ts:833:24)
    at Module.registerUser (Z:\_pinned\obsidian\vaults\suaka\uni\c3\projects\finansaku-be\src\services\auth.service.js:17:16)
    at register (Z:\_pinned\obsidian\vaults\suaka\uni\c3\projects\finansaku-be\src\controllers\auth.controller.js:20:20)
2025-10-21 22:11:22 [[31merror[39m] PrismaClientKnownRequestError: 
Invalid `prisma.user.create()` invocation in
Z:\_pinned\obsidian\vaults\suaka\uni\c3\projects\finansaku-be\src\services\auth.service.js:17:34

  14 const hashedPassword = await bcrypt.hash(password, 10)
  15 
  16 // Create the user record
→ 17 const user = await prisma.user.create(
Inconsistent column data: Error creating UUID, invalid character: expected an optional prefix of `urn:uuid:` followed by [0-9a-fA-F-], found `u` at 1
    at ei.handleRequestError (Z:\_pinned\obsidian\vaults\suaka\uni\c3\projects\finansaku-be\node_modules\@prisma\client\src\runtime\RequestHandler.ts:228:13)
    at ei.handleAndLogRequestError (Z:\_pinned\obsidian\vaults\suaka\uni\c3\projects\finansaku-be\node_modules\@prisma\client\src\runtime\RequestHandler.ts:174:12)
    at ei.request (Z:\_pinned\obsidian\vaults\suaka\uni\c3\projects\finansaku-be\node_modules\@prisma\client\src\runtime\RequestHandler.ts:143:12)
    at a (Z:\_pinned\obsidian\vaults\suaka\uni\c3\projects\finansaku-be\node_modules\@prisma\client\src\runtime\getPrismaClient.ts:833:24)
    at Module.registerUser (Z:\_pinned\obsidian\vaults\suaka\uni\c3\projects\finansaku-be\src\services\auth.service.js:17:16)
    at register (Z:\_pinned\obsidian\vaults\suaka\uni\c3\projects\finansaku-be\src\controllers\auth.controller.js:20:20)
2025-10-21 22:12:36 [[31merror[39m] PrismaClientKnownRequestError: 
Invalid `prisma.user.create()` invocation in
Z:\_pinned\obsidian\vaults\suaka\uni\c3\projects\finansaku-be\src\services\auth.service.js:17:34

  14 const hashedPassword = await bcrypt.hash(password, 10)
  15 
  16 // Create the user record
→ 17 const user = await prisma.user.create(
Inconsistent column data: Error creating UUID, invalid character: expected an optional prefix of `urn:uuid:` followed by [0-9a-fA-F-], found `u` at 1
    at ei.handleRequestError (Z:\_pinned\obsidian\vaults\suaka\uni\c3\projects\finansaku-be\node_modules\@prisma\client\src\runtime\RequestHandler.ts:228:13)
    at ei.handleAndLogRequestError (Z:\_pinned\obsidian\vaults\suaka\uni\c3\projects\finansaku-be\node_modules\@prisma\client\src\runtime\RequestHandler.ts:174:12)
    at ei.request (Z:\_pinned\obsidian\vaults\suaka\uni\c3\projects\finansaku-be\node_modules\@prisma\client\src\runtime\RequestHandler.ts:143:12)
    at a (Z:\_pinned\obsidian\vaults\suaka\uni\c3\projects\finansaku-be\node_modules\@prisma\client\src\runtime\getPrismaClient.ts:833:24)
    at Module.registerUser (Z:\_pinned\obsidian\vaults\suaka\uni\c3\projects\finansaku-be\src\services\auth.service.js:17:16)
    at register (Z:\_pinned\obsidian\vaults\suaka\uni\c3\projects\finansaku-be\src\controllers\auth.controller.js:20:20)
2025-10-21 22:18:45 [[31merror[39m] PrismaClientKnownRequestError: 
Invalid `prisma.user.create()` invocation in
Z:\_pinned\obsidian\vaults\suaka\uni\c3\projects\finansaku-be\src\services\auth.service.js:17:34

  14 const hashedPassword = await bcrypt.hash(password, 10)
  15 
  16 // Create the user record
→ 17 const user = await prisma.user.create(
Inconsistent column data: Error creating UUID, invalid character: expected an optional prefix of `urn:uuid:` followed by [0-9a-fA-F-], found `u` at 1
    at ei.handleRequestError (Z:\_pinned\obsidian\vaults\suaka\uni\c3\projects\finansaku-be\node_modules\@prisma\client\src\runtime\RequestHandler.ts:228:13)
    at ei.handleAndLogRequestError (Z:\_pinned\obsidian\vaults\suaka\uni\c3\projects\finansaku-be\node_modules\@prisma\client\src\runtime\RequestHandler.ts:174:12)
    at ei.request (Z:\_pinned\obsidian\vaults\suaka\uni\c3\projects\finansaku-be\node_modules\@prisma\client\src\runtime\RequestHandler.ts:143:12)
    at a (Z:\_pinned\obsidian\vaults\suaka\uni\c3\projects\finansaku-be\node_modules\@prisma\client\src\runtime\getPrismaClient.ts:833:24)
    at Module.registerUser (Z:\_pinned\obsidian\vaults\suaka\uni\c3\projects\finansaku-be\src\services\auth.service.js:17:16)
    at register (Z:\_pinned\obsidian\vaults\suaka\uni\c3\projects\finansaku-be\src\controllers\auth.controller.js:20:20)
